
  VITE v7.1.7  ready in 252 ms

  ➜  Local:   http://127.0.0.1:5178/
  ➜  press h + enter to show help
21:15:37 [vite] (client) ✨ new dependencies optimized: three/addons/objects/Sky.js
21:15:37 [vite] (client) ✨ optimized dependencies changed. reloading
21:21:36 [vite] (client) page reload src/geometry.js
21:21:36 [vite] (client) page reload src/terrain.js
21:21:37 [vite] (client) page reload index.html
21:21:38 [vite] (client) page reload src/main.js
21:26:11 [vite] (client) page reload src/geometry.js
21:26:11 [vite] (client) page reload src/terrain.js
21:28:38 [vite] (client) page reload src/geometry.js
21:28:39 [vite] (client) page reload src/lighting.js
21:28:40 [vite] (client) page reload src/details.js
21:28:40 [vite] (client) page reload src/main.js
21:37:58 [vite] (client) page reload src/materials.js
21:38:00 [vite] (client) page reload src/geometry.js
21:38:01 [vite] (client) page reload src/details.js
21:38:33 [vite] (client) page reload src/main.js
21:38:33 [vite] (client) ✨ new dependencies optimized: three/addons/postprocessing/EffectComposer.js, three/addons/postprocessing/RenderPass.js, three/addons/postprocessing/SSAOPass.js, three/addons/postprocessing/OutputPass.js
21:38:33 [vite] (client) ✨ optimized dependencies changed. reloading
21:39:26 [vite] (client) page reload src/geometry.js
21:44:57 [vite] (client) page reload src/materials.js
21:44:58 [vite] (client) page reload src/geometry.js
21:44:59 [vite] (client) page reload src/details.js
21:44:59 [vite] (client) page reload src/buildings.js
21:47:21 [vite] (client) page reload src/details.js
21:47:21 [vite] (client) page reload src/performance.js
21:47:22 [vite] (client) page reload src/rendering.js
21:47:22 [vite] (client) page reload src/geometry.js
21:52:59 [vite] (client) page reload src/performance.js
21:53:00 [vite] (client) page reload src/lighting.js
21:55:15 [vite] (client) page reload src/geometry.js
21:55:16 [vite] (client) page reload src/details.js
21:55:17 [vite] (client) page reload src/lighting.js
21:56:29 [vite] (client) page reload src/terrain.js
21:59:38 [vite] (client) page reload src/vegetation.js
22:01:18 [vite] (client) page reload src/vegetation.js
22:04:26 [vite] (client) page reload src/materials.js
22:04:26 [vite] (client) page reload src/lighting.js
22:04:27 [vite] (client) page reload src/details.js
